共 10 页,识别第 1~10 页 → 生物化学题库/第二十五章/第二十五章_识别.txt
[1/10] 渲染第 1 页 ...
[1/10] 调用智谱 GLM-4V-Flash 识别 ...
[1/10] 完成(1444 字)
[2/10] 渲染第 2 页 ...
[2/10] 调用智谱 GLM-4V-Flash 识别 ...
[2/10] 完成(1034 字)
[3/10] 渲染第 3 页 ...
[3/10] 调用智谱 GLM-4V-Flash 识别 ...
[3/10] 完成(1611 字)
[4/10] 渲染第 4 页 ...
[4/10] 调用智谱 GLM-4V-Flash 识别 ...
[4/10] 完成(943 字)
[5/10] 渲染第 5 页 ...
[5/10] 调用智谱 GLM-4V-Flash 识别 ...
[5/10] 完成(1519 字)
[6/10] 渲染第 6 页 ...
[6/10] 调用智谱 GLM-4V-Flash 识别 ...
[6/10] 完成(1104 字)
[7/10] 渲染第 7 页 ...
[7/10] 调用智谱 GLM-4V-Flash 识别 ...
[7/10] 完成(976 字)
[8/10] 渲染第 8 页 ...
[8/10] 调用智谱 GLM-4V-Flash 识别 ...
[8/10] 完成(1513 字)
[9/10] 渲染第 9 页 ...
[9/10] 调用智谱 GLM-4V-Flash 识别 ...
[9/10] 完成(1107 字)
[10/10] 渲染第 10 页 ...
[10/10] 调用智谱 GLM-4V-Flash 识别 ...
[10/10] 完成(159 字)

全部完成,结果已保存到: 生物化学题库/第二十五章/第二十五章_识别.txt
